
> master-dashboard-faster@0.1.0 test:critical
> vitest run tests/critical


 RUN  v4.0.18 D:/CATARACTA/master-dashboard-faster

npm : stderr | tests/critical/performance.test.ts
At C:\Users\achmad.nasution\AppData\Local\Temp\ps-script-aa00c3b5-41d2-4df6-b8da-e568cc81f9c5.ps1:120 char:1
+ npm run test:critical > test-results.txt 2>&1; Get-Content test-resul ...
+ ~~~~~~~~~~~~~~~~~~~~~~~~~~~~~~~~~~~~~~~~~~~~~
    + CategoryInfo          : NotSpecified: (stderr | tests/...ormance.test.ts:String) [], RemoteException
    + FullyQualifiedErrorId : NativeCommandError
 
ΓÜá∩╕Å  Warning: Not using test database!

stderr | tests/critical/quotation-flow.test.ts
ΓÜá∩╕Å  Warning: Not using test database!

stderr | tests/critical/race-condition-id-generation.test.ts
ΓÜá∩╕Å  Warning: Not using test database!

stderr | tests/critical/expense-tracker-sync.test.ts
ΓÜá∩╕Å  Warning: Not using test database!

stderr | tests/critical/auto-save.test.ts
ΓÜá∩╕Å  Warning: Not using test database!

stderr | tests/critical/tracker-sync.test.ts
ΓÜá∩╕Å  Warning: Not using test database!

stderr | tests/critical/production-tracker.test.ts
ΓÜá∩╕Å  Warning: Not using test database!

stdout | tests/critical/performance.test.ts > ≡ƒƒí CRITICAL: Performance & Batch Operations > should complete large update in under 2 seconds
Γ£ô Updated 20 items in 532ms

stdout | tests/critical/performance.test.ts > ≡ƒƒí CRITICAL: Performance & Batch Operations > should use createMany for bulk inserts
Γ£ô Bulk created 10 items in 79ms

stdout | tests/critical/performance.test.ts > ≡ƒƒí CRITICAL: Performance & Batch Operations > should handle deleteMany efficiently
Γ£ô Bulk deleted 10 items in 38ms

stdout | tests/critical/performance.test.ts

≡ƒº╣ Running comprehensive test cleanup...

stdout | tests/critical/tracker-sync.test.ts > Tracker Synchronization Tests > 4. Entities That Do NOT Create Trackers > should NOT create tracker when Expense is created
prisma:error 
Invalid `prisma.expense.create()` invocation in
D:/CATARACTA/master-dashboard-faster/tests/critical/tracker-sync.test.ts:543:44

  540 it('should NOT create tracker when Expense is created', async () => {
  541   const expenseId = await generateId('EXP', 'expense')
  542   
ΓåÆ 543   const expense = await prisma.expense.create({
          data: {
            expenseId: "EXP-2026-2325",
            projectName: "Tracker Sync Test - Expense Should Not Create",
            productionDate: new Date("2026-02-13T10:55:11.389Z"),
            invoiceNumber: "INV-TEST-0001",
            expenseItems: {
            ~~~~~~~~~~~~
              create: [
                {
                  productName: "Test Item",
                  qty: 1,
                  unitPrice: 1000000,
                  totalPrice: 1000000
                }
              ]
            },
        ?   id?: String,
        ?   invoiceId?: String | Null,
        ?   planningId?: String | Null,
        ?   invoiceProductionDate?: DateTime | Null,
        ?   invoiceTotalAmount?: Float | Null,
        ?   invoicePaidDate?: DateTime | Null,
        ?   planningNumber?: String | Null,
        ?   planningClientName?: String | Null,
        ?   clientBudget?: Float,
        ?   paidAmount?: Float,
        ?   totalItemBudgeted?: Float,
        ?   totalItemDifferences?: Float,
        ?   notes?: String | Null,
        ?   status?: String,
        ?   deletedAt?: DateTime | Null,
        ?   createdAt?: DateTime,
        ?   updatedAt?: DateTime,
        ?   sourceInvoice?: InvoiceCreateNestedOneWithoutGeneratedExpenseInput,
        ?   items?: ExpenseItemCreateNestedManyWithoutExpenseInput
          }
        })

Unknown argument `expenseItems`. Available options are marked with ?.

stdout | tests/critical/tracker-sync.test.ts > Tracker Synchronization Tests > 7. create-expense Endpoint Behavior > should only update expenseId on existing tracker, not create new one
prisma:error 
Invalid `prisma.expense.create()` invocation in
D:/CATARACTA/master-dashboard-faster/tests/critical/tracker-sync.test.ts:744:44

  741 
  742 // Call create-expense endpoint (simulated directly via Prisma for this test)
  743 const expenseId = await generateId('EXP', 'expense')
ΓåÆ 744 const expense = await prisma.expense.create({
        data: {
          expenseId: "EXP-2026-2326",
          projectName: "Tracker Sync Test - Expense Update",
          productionDate: new Date("2026-02-13T10:55:12.021Z"),
          invoiceNumber: "INV-2026-1259",
          expenseItems: {
          ~~~~~~~~~~~~
            create: [
              {
                productName: "Test Item",
                qty: 1,
                unitPrice: 1000000,
                totalPrice: 1000000
              }
            ]
          },
      ?   id?: String,
      ?   invoiceId?: String | Null,
      ?   planningId?: String | Null,
      ?   invoiceProductionDate?: DateTime | Null,
      ?   invoiceTotalAmount?: Float | Null,
      ?   invoicePaidDate?: DateTime | Null,
      ?   planningNumber?: String | Null,
      ?   planningClientName?: String | Null,
      ?   clientBudget?: Float,
      ?   paidAmount?: Float,
      ?   totalItemBudgeted?: Float,
      ?   totalItemDifferences?: Float,
      ?   notes?: String | Null,
      ?   status?: String,
      ?   deletedAt?: DateTime | Null,
      ?   createdAt?: DateTime,
      ?   updatedAt?: DateTime,
      ?   sourceInvoice?: InvoiceCreateNestedOneWithoutGeneratedExpenseInput,
      ?   items?: ExpenseItemCreateNestedManyWithoutExpenseInput
        }
      })

Unknown argument `expenseItems`. Available options are marked with ?.

stdout | tests/critical/race-condition-id-generation.test.ts > RACE CONDITION FIX - ID Generation
prisma:error 
Invalid `prisma.invoice.delete()` invocation in
D:/CATARACTA/master-dashboard-faster/tests/critical/race-condition-id-generation.test.ts:44:30

  41 await prisma.invoiceItem.deleteMany({ where: { invoiceId: id } })
  42 await prisma.invoiceRemark.deleteMany({ where: { invoiceId: id } })
  43 await prisma.invoiceSignature.deleteMany({ where: { invoiceId: id } })
ΓåÆ 44 await prisma.invoice.delete(
An operation failed because it depends on one or more records that were required but not found. Record to delete does not exist.

stdout | tests/critical/race-condition-id-generation.test.ts > RACE CONDITION FIX - ID Generation
prisma:error 
Invalid `prisma.invoice.delete()` invocation in
D:/CATARACTA/master-dashboard-faster/tests/critical/race-condition-id-generation.test.ts:44:30

  41 await prisma.invoiceItem.deleteMany({ where: { invoiceId: id } })
  42 await prisma.invoiceRemark.deleteMany({ where: { invoiceId: id } })
  43 await prisma.invoiceSignature.deleteMany({ where: { invoiceId: id } })
ΓåÆ 44 await prisma.invoice.delete(
An operation failed because it depends on one or more records that were required but not found. Record to delete does not exist.

stdout | tests/critical/race-condition-id-generation.test.ts > RACE CONDITION FIX - ID Generation
prisma:error 
Invalid `prisma.invoice.delete()` invocation in
D:/CATARACTA/master-dashboard-faster/tests/critical/race-condition-id-generation.test.ts:44:30

  41 await prisma.invoiceItem.deleteMany({ where: { invoiceId: id } })
  42 await prisma.invoiceRemark.deleteMany({ where: { invoiceId: id } })
  43 await prisma.invoiceSignature.deleteMany({ where: { invoiceId: id } })
ΓåÆ 44 await prisma.invoice.delete(
An operation failed because it depends on one or more records that were required but not found. Record to delete does not exist.

stdout | tests/critical/race-condition-id-generation.test.ts > RACE CONDITION FIX - ID Generation
prisma:error 
Invalid `prisma.invoice.delete()` invocation in
D:/CATARACTA/master-dashboard-faster/tests/critical/race-condition-id-generation.test.ts:44:30

  41 await prisma.invoiceItem.deleteMany({ where: { invoiceId: id } })
  42 await prisma.invoiceRemark.deleteMany({ where: { invoiceId: id } })
  43 await prisma.invoiceSignature.deleteMany({ where: { invoiceId: id } })
ΓåÆ 44 await prisma.invoice.delete(
An operation failed because it depends on one or more records that were required but not found. Record to delete does not exist.

stdout | tests/critical/race-condition-id-generation.test.ts > RACE CONDITION FIX - ID Generation
prisma:error 
Invalid `prisma.invoice.delete()` invocation in
D:/CATARACTA/master-dashboard-faster/tests/critical/race-condition-id-generation.test.ts:44:30

  41 await prisma.invoiceItem.deleteMany({ where: { invoiceId: id } })
  42 await prisma.invoiceRemark.deleteMany({ where: { invoiceId: id } })
  43 await prisma.invoiceSignature.deleteMany({ where: { invoiceId: id } })
ΓåÆ 44 await prisma.invoice.delete(
An operation failed because it depends on one or more records that were required but not found. Record to delete does not exist.

stdout | tests/critical/quotation-flow.test.ts

≡ƒº╣ Running comprehensive test cleanup...

stdout | tests/critical/race-condition-id-generation.test.ts > RACE CONDITION FIX - ID Generation
prisma:error 
Invalid `prisma.invoice.delete()` invocation in
D:/CATARACTA/master-dashboard-faster/tests/critical/race-condition-id-generation.test.ts:44:30

  41 await prisma.invoiceItem.deleteMany({ where: { invoiceId: id } })
  42 await prisma.invoiceRemark.deleteMany({ where: { invoiceId: id } })
  43 await prisma.invoiceSignature.deleteMany({ where: { invoiceId: id } })
ΓåÆ 44 await prisma.invoice.delete(
An operation failed because it depends on one or more records that were required but not found. Record to delete does not exist.

stdout | tests/critical/quotation-flow.test.ts
prisma:error 
Invalid `prisma.invoice.delete()` invocation in
D:/CATARACTA/master-dashboard-faster/tests/setup.ts:61:30

  58 await prisma.invoiceItem.deleteMany({ where: { invoiceId: invoice.id } })
  59 await prisma.invoiceRemark.deleteMany({ where: { invoiceId: invoice.id } })
  60 await prisma.invoiceSignature.deleteMany({ where: { invoiceId: invoice.id } })
ΓåÆ 61 await prisma.invoice.delete(
An operation failed because it depends on one or more records that were required but not found. Record to delete does not exist.

stdout | tests/critical/production-tracker.test.ts > Tracker Integration Tests > 3. Auto-Update from Invoice (Preserve User Data) > should update tracker when invoice is updated, but preserve user-entered product amounts
prisma:error 
Invalid `prisma.productionTracker.update()` invocation in
D:/CATARACTA/master-dashboard-faster/tests/critical/production-tracker.test.ts:353:38

  350 expect(testTracker).toBeDefined()
  351 
  352 // Manually update product amounts in the tracker (simulating user input)
ΓåÆ 353 await prisma.productionTracker.update(
An operation failed because it depends on one or more records that were required but not found. Record to update not found.

stdout | tests/critical/expense-tracker-sync.test.ts

≡ƒº╣ Running comprehensive test cleanup...

stdout | tests/critical/performance.test.ts
prisma:error 
Invalid `prisma.invoice.delete()` invocation in
D:/CATARACTA/master-dashboard-faster/tests/setup.ts:61:30

  58 await prisma.invoiceItem.deleteMany({ where: { invoiceId: invoice.id } })
  59 await prisma.invoiceRemark.deleteMany({ where: { invoiceId: invoice.id } })
  60 await prisma.invoiceSignature.deleteMany({ where: { invoiceId: invoice.id } })
ΓåÆ 61 await prisma.invoice.delete(
An operation failed because it depends on one or more records that were required but not found. Record to delete does not exist.

stdout | tests/critical/race-condition-id-generation.test.ts > RACE CONDITION FIX - ID Generation
prisma:error 
Invalid `prisma.invoice.delete()` invocation in
D:/CATARACTA/master-dashboard-faster/tests/critical/race-condition-id-generation.test.ts:44:30

  41 await prisma.invoiceItem.deleteMany({ where: { invoiceId: id } })
  42 await prisma.invoiceRemark.deleteMany({ where: { invoiceId: id } })
  43 await prisma.invoiceSignature.deleteMany({ where: { invoiceId: id } })
ΓåÆ 44 await prisma.invoice.delete(
An operation failed because it depends on one or more records that were required but not found. Record to delete does not exist.

stdout | tests/critical/quotation-flow.test.ts
prisma:error 
Invalid `prisma.invoice.delete()` invocation in
D:/CATARACTA/master-dashboard-faster/tests/setup.ts:61:30

  58 await prisma.invoiceItem.deleteMany({ where: { invoiceId: invoice.id } })
  59 await prisma.invoiceRemark.deleteMany({ where: { invoiceId: invoice.id } })
  60 await prisma.invoiceSignature.deleteMany({ where: { invoiceId: invoice.id } })
ΓåÆ 61 await prisma.invoice.delete(
An operation failed because it depends on one or more records that were required but not found. Record to delete does not exist.

stdout | tests/critical/quotation-flow.test.ts
prisma:error 
Invalid `prisma.invoice.delete()` invocation in
D:/CATARACTA/master-dashboard-faster/tests/setup.ts:61:30

  58 await prisma.invoiceItem.deleteMany({ where: { invoiceId: invoice.id } })
  59 await prisma.invoiceRemark.deleteMany({ where: { invoiceId: invoice.id } })
  60 await prisma.invoiceSignature.deleteMany({ where: { invoiceId: invoice.id } })
ΓåÆ 61 await prisma.invoice.delete(
An operation failed because it depends on one or more records that were required but not found. Record to delete does not exist.

stdout | tests/critical/race-condition-id-generation.test.ts > RACE CONDITION FIX - ID Generation
prisma:error 
Invalid `prisma.invoice.delete()` invocation in
D:/CATARACTA/master-dashboard-faster/tests/critical/race-condition-id-generation.test.ts:44:30

  41 await prisma.invoiceItem.deleteMany({ where: { invoiceId: id } })
  42 await prisma.invoiceRemark.deleteMany({ where: { invoiceId: id } })
  43 await prisma.invoiceSignature.deleteMany({ where: { invoiceId: id } })
ΓåÆ 44 await prisma.invoice.delete(
An operation failed because it depends on one or more records that were required but not found. Record to delete does not exist.

stdout | tests/critical/quotation-flow.test.ts
prisma:error 
Invalid `prisma.invoice.delete()` invocation in
D:/CATARACTA/master-dashboard-faster/tests/setup.ts:61:30

  58 await prisma.invoiceItem.deleteMany({ where: { invoiceId: invoice.id } })
  59 await prisma.invoiceRemark.deleteMany({ where: { invoiceId: invoice.id } })
  60 await prisma.invoiceSignature.deleteMany({ where: { invoiceId: invoice.id } })
ΓåÆ 61 await prisma.invoice.delete(
An operation failed because it depends on one or more records that were required but not found. Record to delete does not exist.

stdout | tests/critical/performance.test.ts
prisma:error 
Invalid `prisma.invoice.delete()` invocation in
D:/CATARACTA/master-dashboard-faster/tests/setup.ts:61:30

  58 await prisma.invoiceItem.deleteMany({ where: { invoiceId: invoice.id } })
  59 await prisma.invoiceRemark.deleteMany({ where: { invoiceId: invoice.id } })
  60 await prisma.invoiceSignature.deleteMany({ where: { invoiceId: invoice.id } })
ΓåÆ 61 await prisma.invoice.delete(
An operation failed because it depends on one or more records that were required but not found. Record to delete does not exist.

stdout | tests/critical/expense-tracker-sync.test.ts
prisma:error 
Invalid `prisma.invoice.delete()` invocation in
D:/CATARACTA/master-dashboard-faster/tests/setup.ts:61:30

  58 await prisma.invoiceItem.deleteMany({ where: { invoiceId: invoice.id } })
  59 await prisma.invoiceRemark.deleteMany({ where: { invoiceId: invoice.id } })
  60 await prisma.invoiceSignature.deleteMany({ where: { invoiceId: invoice.id } })
ΓåÆ 61 await prisma.invoice.delete(
An operation failed because it depends on one or more records that were required but not found. Record to delete does not exist.

stdout | tests/critical/quotation-flow.test.ts
prisma:error 
Invalid `prisma.invoice.delete()` invocation in
D:/CATARACTA/master-dashboard-faster/tests/setup.ts:61:30

  58 await prisma.invoiceItem.deleteMany({ where: { invoiceId: invoice.id } })
  59 await prisma.invoiceRemark.deleteMany({ where: { invoiceId: invoice.id } })
  60 await prisma.invoiceSignature.deleteMany({ where: { invoiceId: invoice.id } })
ΓåÆ 61 await prisma.invoice.delete(
An operation failed because it depends on one or more records that were required but not found. Record to delete does not exist.

stdout | tests/critical/performance.test.ts
prisma:error 
Invalid `prisma.invoice.delete()` invocation in
D:/CATARACTA/master-dashboard-faster/tests/setup.ts:61:30

  58 await prisma.invoiceItem.deleteMany({ where: { invoiceId: invoice.id } })
  59 await prisma.invoiceRemark.deleteMany({ where: { invoiceId: invoice.id } })
  60 await prisma.invoiceSignature.deleteMany({ where: { invoiceId: invoice.id } })
ΓåÆ 61 await prisma.invoice.delete(
An operation failed because it depends on one or more records that were required but not found. Record to delete does not exist.

stdout | tests/critical/expense-tracker-sync.test.ts
prisma:error 
Invalid `prisma.invoice.delete()` invocation in
D:/CATARACTA/master-dashboard-faster/tests/setup.ts:61:30

  58 await prisma.invoiceItem.deleteMany({ where: { invoiceId: invoice.id } })
  59 await prisma.invoiceRemark.deleteMany({ where: { invoiceId: invoice.id } })
  60 await prisma.invoiceSignature.deleteMany({ where: { invoiceId: invoice.id } })
ΓåÆ 61 await prisma.invoice.delete(
An operation failed because it depends on one or more records that were required but not found. Record to delete does not exist.

stdout | tests/critical/race-condition-id-generation.test.ts > RACE CONDITION FIX - ID Generation
prisma:error 
Invalid `prisma.invoice.delete()` invocation in
D:/CATARACTA/master-dashboard-faster/tests/critical/race-condition-id-generation.test.ts:44:30

  41 await prisma.invoiceItem.deleteMany({ where: { invoiceId: id } })
  42 await prisma.invoiceRemark.deleteMany({ where: { invoiceId: id } })
  43 await prisma.invoiceSignature.deleteMany({ where: { invoiceId: id } })
ΓåÆ 44 await prisma.invoice.delete(
An operation failed because it depends on one or more records that were required but not found. Record to delete does not exist.

stdout | tests/critical/quotation-flow.test.ts
prisma:error 
Invalid `prisma.invoice.delete()` invocation in
D:/CATARACTA/master-dashboard-faster/tests/setup.ts:61:30

  58 await prisma.invoiceItem.deleteMany({ where: { invoiceId: invoice.id } })
  59 await prisma.invoiceRemark.deleteMany({ where: { invoiceId: invoice.id } })
  60 await prisma.invoiceSignature.deleteMany({ where: { invoiceId: invoice.id } })
ΓåÆ 61 await prisma.invoice.delete(
An operation failed because it depends on one or more records that were required but not found. Record to delete does not exist.

stdout | tests/critical/tracker-sync.test.ts > Tracker Synchronization Tests
prisma:error 
Invalid `prisma.invoice.delete()` invocation in
D:/CATARACTA/master-dashboard-faster/tests/critical/tracker-sync.test.ts:52:30

  49 await prisma.invoiceItem.deleteMany({ where: { invoiceId: id } })
  50 await prisma.invoiceRemark.deleteMany({ where: { invoiceId: id } })
  51 await prisma.invoiceSignature.deleteMany({ where: { invoiceId: id } })
ΓåÆ 52 await prisma.invoice.delete(
An operation failed because it depends on one or more records that were required but not found. Record to delete does not exist.

stdout | tests/critical/expense-tracker-sync.test.ts
prisma:error 
Invalid `prisma.invoice.delete()` invocation in
D:/CATARACTA/master-dashboard-faster/tests/setup.ts:61:30

  58 await prisma.invoiceItem.deleteMany({ where: { invoiceId: invoice.id } })
  59 await prisma.invoiceRemark.deleteMany({ where: { invoiceId: invoice.id } })
  60 await prisma.invoiceSignature.deleteMany({ where: { invoiceId: invoice.id } })
ΓåÆ 61 await prisma.invoice.delete(
An operation failed because it depends on one or more records that were required but not found. Record to delete does not exist.

stdout | tests/critical/race-condition-id-generation.test.ts > RACE CONDITION FIX - ID Generation
prisma:error 
Invalid `prisma.invoice.delete()` invocation in
D:/CATARACTA/master-dashboard-faster/tests/critical/race-condition-id-generation.test.ts:44:30

  41 await prisma.invoiceItem.deleteMany({ where: { invoiceId: id } })
  42 await prisma.invoiceRemark.deleteMany({ where: { invoiceId: id } })
  43 await prisma.invoiceSignature.deleteMany({ where: { invoiceId: id } })
ΓåÆ 44 await prisma.invoice.delete(
An operation failed because it depends on one or more records that were required but not found. Record to delete does not exist.

stdout | tests/critical/quotation-flow.test.ts
prisma:error 
Invalid `prisma.invoice.delete()` invocation in
D:/CATARACTA/master-dashboard-faster/tests/setup.ts:61:30

  58 await prisma.invoiceItem.deleteMany({ where: { invoiceId: invoice.id } })
  59 await prisma.invoiceRemark.deleteMany({ where: { invoiceId: invoice.id } })
  60 await prisma.invoiceSignature.deleteMany({ where: { invoiceId: invoice.id } })
ΓåÆ 61 await prisma.invoice.delete(
An operation failed because it depends on one or more records that were required but not found. Record to delete does not exist.

stdout | tests/critical/expense-tracker-sync.test.ts
prisma:error 
Invalid `prisma.invoice.delete()` invocation in
D:/CATARACTA/master-dashboard-faster/tests/setup.ts:61:30

  58 await prisma.invoiceItem.deleteMany({ where: { invoiceId: invoice.id } })
  59 await prisma.invoiceRemark.deleteMany({ where: { invoiceId: invoice.id } })
  60 await prisma.invoiceSignature.deleteMany({ where: { invoiceId: invoice.id } })
ΓåÆ 61 await prisma.invoice.delete(
An operation failed because it depends on one or more records that were required but not found. Record to delete does not exist.

stdout | tests/critical/race-condition-id-generation.test.ts > RACE CONDITION FIX - ID Generation
prisma:error 
Invalid `prisma.invoice.delete()` invocation in
D:/CATARACTA/master-dashboard-faster/tests/critical/race-condition-id-generation.test.ts:44:30

  41 await prisma.invoiceItem.deleteMany({ where: { invoiceId: id } })
  42 await prisma.invoiceRemark.deleteMany({ where: { invoiceId: id } })
  43 await prisma.invoiceSignature.deleteMany({ where: { invoiceId: id } })
ΓåÆ 44 await prisma.invoice.delete(
An operation failed because it depends on one or more records that were required but not found. Record to delete does not exist.

stdout | tests/critical/quotation-flow.test.ts
prisma:error 
Invalid `prisma.invoice.delete()` invocation in
D:/CATARACTA/master-dashboard-faster/tests/setup.ts:61:30

  58 await prisma.invoiceItem.deleteMany({ where: { invoiceId: invoice.id } })
  59 await prisma.invoiceRemark.deleteMany({ where: { invoiceId: invoice.id } })
  60 await prisma.invoiceSignature.deleteMany({ where: { invoiceId: invoice.id } })
ΓåÆ 61 await prisma.invoice.delete(
An operation failed because it depends on one or more records that were required but not found. Record to delete does not exist.

stdout | tests/critical/tracker-sync.test.ts > Tracker Synchronization Tests
prisma:error 
Invalid `prisma.paragonTicketItemDetail.deleteMany()` invocation in
D:/CATARACTA/master-dashboard-faster/tests/critical/tracker-sync.test.ts:56:46

  53 }
  54 
  55 for (const id of createdData.paragonTickets) {
ΓåÆ 56   await prisma.paragonTicketItemDetail.deleteMany({
         where: {
           paragonTicketItem: {
           ~~~~~~~~~~~~~~~~~
             ticketId: "cmlkrtyl60004hpkjt74m263g"
           },
       ?   AND?: ParagonTicketItemDetailWhereInput | ParagonTicketItemDetailWhereInput[],
       ?   OR?: ParagonTicketItemDetailWhereInput[],
       ?   NOT?: ParagonTicketItemDetailWhereInput | ParagonTicketItemDetailWhereInput[],
       ?   id?: StringFilter | String,
       ?   itemId?: StringFilter | String,
       ?   detail?: StringFilter | String,
       ?   unitPrice?: FloatFilter | Float,
       ?   qty?: FloatFilter | Float,
       ?   amount?: FloatFilter | Float,
       ?   createdAt?: DateTimeFilter | DateTime,
       ?   updatedAt?: DateTimeFilter | DateTime,
       ?   item?: ParagonTicketItemRelationFilter | ParagonTicketItemWhereInput
         }
       })

Unknown argument `paragonTicketItem`. Available options are marked with ?.

stderr | tests/critical/tracker-sync.test.ts > Tracker Synchronization Tests
Cleanup error: PrismaClientValidationError: 
Invalid `prisma.paragonTicketItemDetail.deleteMany()` invocation in
D:/CATARACTA/master-dashboard-faster/tests/critical/tracker-sync.test.ts:56:46

  53 }
  54 
  55 for (const id of createdData.paragonTickets) {
ΓåÆ 56   await prisma.paragonTicketItemDetail.deleteMany({
         where: {
           paragonTicketItem: {
           ~~~~~~~~~~~~~~~~~
             ticketId: "cmlkrtyl60004hpkjt74m263g"
           },
       ?   AND?: ParagonTicketItemDetailWhereInput | ParagonTicketItemDetailWhereInput[],
       ?   OR?: ParagonTicketItemDetailWhereInput[],
       ?   NOT?: ParagonTicketItemDetailWhereInput | ParagonTicketItemDetailWhereInput[],
       ?   id?: StringFilter | String,
       ?   itemId?: StringFilter | String,
       ?   detail?: StringFilter | String,
       ?   unitPrice?: FloatFilter | Float,
       ?   qty?: FloatFilter | Float,
       ?   amount?: FloatFilter | Float,
       ?   createdAt?: DateTimeFilter | DateTime,
       ?   updatedAt?: DateTimeFilter | DateTime,
       ?   item?: ParagonTicketItemRelationFilter | ParagonTicketItemWhereInput
         }
       })

Unknown argument `paragonTicketItem`. Available options are marked with ?.
    at wn (D:\CATARACTA\master-dashboard-faster\node_modules\@prisma\client\runtime\library.js:29:1363)
    at $n.handleRequestError 
(D:\CATARACTA\master-dashboard-faster\node_modules\@prisma\client\runtime\library.js:121:6958)
    at $n.handleAndLogRequestError 
(D:\CATARACTA\master-dashboard-faster\node_modules\@prisma\client\runtime\library.js:121:6623)
    at $n.request (D:\CATARACTA\master-dashboard-faster\node_modules\@prisma\client\runtime\library.js:121:6307)
    at l (D:\CATARACTA\master-dashboard-faster\node_modules\@prisma\client\runtime\library.js:130:9633)
    at D:/CATARACTA/master-dashboard-faster/lib/prisma.ts:28:18
    at D:/CATARACTA/master-dashboard-faster/lib/slow-query-logger.ts:138:20
    at D:/CATARACTA/master-dashboard-faster/tests/critical/tracker-sync.test.ts:56:9 {
  clientVersion: '5.22.0'
}

stdout | tests/critical/tracker-sync.test.ts

≡ƒº╣ Running comprehensive test cleanup...

stdout | tests/critical/expense-tracker-sync.test.ts
prisma:error 
Invalid `prisma.invoice.delete()` invocation in
D:/CATARACTA/master-dashboard-faster/tests/setup.ts:61:30

  58 await prisma.invoiceItem.deleteMany({ where: { invoiceId: invoice.id } })
  59 await prisma.invoiceRemark.deleteMany({ where: { invoiceId: invoice.id } })
  60 await prisma.invoiceSignature.deleteMany({ where: { invoiceId: invoice.id } })
ΓåÆ 61 await prisma.invoice.delete(
An operation failed because it depends on one or more records that were required but not found. Record to delete does not exist.

stdout | tests/critical/race-condition-id-generation.test.ts > RACE CONDITION FIX - ID Generation
prisma:error 
Invalid `prisma.invoice.delete()` invocation in
D:/CATARACTA/master-dashboard-faster/tests/critical/race-condition-id-generation.test.ts:44:30

  41 await prisma.invoiceItem.deleteMany({ where: { invoiceId: id } })
  42 await prisma.invoiceRemark.deleteMany({ where: { invoiceId: id } })
  43 await prisma.invoiceSignature.deleteMany({ where: { invoiceId: id } })
ΓåÆ 44 await prisma.invoice.delete(
An operation failed because it depends on one or more records that were required but not found. Record to delete does not exist.

stdout | tests/critical/quotation-flow.test.ts
prisma:error 
Invalid `prisma.invoice.delete()` invocation in
D:/CATARACTA/master-dashboard-faster/tests/setup.ts:61:30

  58 await prisma.invoiceItem.deleteMany({ where: { invoiceId: invoice.id } })
  59 await prisma.invoiceRemark.deleteMany({ where: { invoiceId: invoice.id } })
  60 await prisma.invoiceSignature.deleteMany({ where: { invoiceId: invoice.id } })
ΓåÆ 61 await prisma.invoice.delete(
An operation failed because it depends on one or more records that were required but not found. Record to delete does not exist.

stdout | tests/critical/expense-tracker-sync.test.ts
prisma:error 
Invalid `prisma.invoice.delete()` invocation in
D:/CATARACTA/master-dashboard-faster/tests/setup.ts:61:30

  58 await prisma.invoiceItem.deleteMany({ where: { invoiceId: invoice.id } })
  59 await prisma.invoiceRemark.deleteMany({ where: { invoiceId: invoice.id } })
  60 await prisma.invoiceSignature.deleteMany({ where: { invoiceId: invoice.id } })
ΓåÆ 61 await prisma.invoice.delete(
An operation failed because it depends on one or more records that were required but not found. Record to delete does not exist.

stdout | tests/critical/race-condition-id-generation.test.ts > RACE CONDITION FIX - ID Generation
prisma:error 
Invalid `prisma.invoice.delete()` invocation in
D:/CATARACTA/master-dashboard-faster/tests/critical/race-condition-id-generation.test.ts:44:30

  41 await prisma.invoiceItem.deleteMany({ where: { invoiceId: id } })
  42 await prisma.invoiceRemark.deleteMany({ where: { invoiceId: id } })
  43 await prisma.invoiceSignature.deleteMany({ where: { invoiceId: id } })
ΓåÆ 44 await prisma.invoice.delete(
An operation failed because it depends on one or more records that were required but not found. Record to delete does not exist.

stdout | tests/critical/quotation-flow.test.ts
prisma:error 
Invalid `prisma.invoice.delete()` invocation in
D:/CATARACTA/master-dashboard-faster/tests/setup.ts:61:30

  58 await prisma.invoiceItem.deleteMany({ where: { invoiceId: invoice.id } })
  59 await prisma.invoiceRemark.deleteMany({ where: { invoiceId: invoice.id } })
  60 await prisma.invoiceSignature.deleteMany({ where: { invoiceId: invoice.id } })
ΓåÆ 61 await prisma.invoice.delete(
An operation failed because it depends on one or more records that were required but not found. Record to delete does not exist.

stdout | tests/critical/tracker-sync.test.ts
prisma:error 
Invalid `prisma.invoice.delete()` invocation in
D:/CATARACTA/master-dashboard-faster/tests/setup.ts:61:30

  58 await prisma.invoiceItem.deleteMany({ where: { invoiceId: invoice.id } })
  59 await prisma.invoiceRemark.deleteMany({ where: { invoiceId: invoice.id } })
  60 await prisma.invoiceSignature.deleteMany({ where: { invoiceId: invoice.id } })
ΓåÆ 61 await prisma.invoice.delete(
An operation failed because it depends on one or more records that were required but not found. Record to delete does not exist.

stdout | tests/critical/race-condition-id-generation.test.ts > RACE CONDITION FIX - ID Generation
prisma:error 
Invalid `prisma.invoice.delete()` invocation in
D:/CATARACTA/master-dashboard-faster/tests/critical/race-condition-id-generation.test.ts:44:30

  41 await prisma.invoiceItem.deleteMany({ where: { invoiceId: id } })
  42 await prisma.invoiceRemark.deleteMany({ where: { invoiceId: id } })
  43 await prisma.invoiceSignature.deleteMany({ where: { invoiceId: id } })
ΓåÆ 44 await prisma.invoice.delete(
An operation failed because it depends on one or more records that were required but not found. Record to delete does not exist.

stdout | tests/critical/quotation-flow.test.ts
prisma:error 
Invalid `prisma.invoice.delete()` invocation in
D:/CATARACTA/master-dashboard-faster/tests/setup.ts:61:30

  58 await prisma.invoiceItem.deleteMany({ where: { invoiceId: invoice.id } })
  59 await prisma.invoiceRemark.deleteMany({ where: { invoiceId: invoice.id } })
  60 await prisma.invoiceSignature.deleteMany({ where: { invoiceId: invoice.id } })
ΓåÆ 61 await prisma.invoice.delete(
An operation failed because it depends on one or more records that were required but not found. Record to delete does not exist.

stdout | tests/critical/expense-tracker-sync.test.ts
prisma:error 
Invalid `prisma.invoice.delete()` invocation in
D:/CATARACTA/master-dashboard-faster/tests/setup.ts:61:30

  58 await prisma.invoiceItem.deleteMany({ where: { invoiceId: invoice.id } })
  59 await prisma.invoiceRemark.deleteMany({ where: { invoiceId: invoice.id } })
  60 await prisma.invoiceSignature.deleteMany({ where: { invoiceId: invoice.id } })
ΓåÆ 61 await prisma.invoice.delete(
An operation failed because it depends on one or more records that were required but not found. Record to delete does not exist.

stdout | tests/critical/tracker-sync.test.ts
prisma:error 
Invalid `prisma.invoice.delete()` invocation in
D:/CATARACTA/master-dashboard-faster/tests/setup.ts:61:30

  58 await prisma.invoiceItem.deleteMany({ where: { invoiceId: invoice.id } })
  59 await prisma.invoiceRemark.deleteMany({ where: { invoiceId: invoice.id } })
  60 await prisma.invoiceSignature.deleteMany({ where: { invoiceId: invoice.id } })
ΓåÆ 61 await prisma.invoice.delete(
An operation failed because it depends on one or more records that were required but not found. Record to delete does not exist.

stdout | tests/critical/performance.test.ts
prisma:error 
Invalid `prisma.invoice.delete()` invocation in
D:/CATARACTA/master-dashboard-faster/tests/setup.ts:61:30

  58 await prisma.invoiceItem.deleteMany({ where: { invoiceId: invoice.id } })
  59 await prisma.invoiceRemark.deleteMany({ where: { invoiceId: invoice.id } })
  60 await prisma.invoiceSignature.deleteMany({ where: { invoiceId: invoice.id } })
ΓåÆ 61 await prisma.invoice.delete(
An operation failed because it depends on one or more records that were required but not found. Record to delete does not exist.

stdout | tests/critical/race-condition-id-generation.test.ts > RACE CONDITION FIX - ID Generation
prisma:error 
Invalid `prisma.invoice.delete()` invocation in
D:/CATARACTA/master-dashboard-faster/tests/critical/race-condition-id-generation.test.ts:44:30

  41 await prisma.invoiceItem.deleteMany({ where: { invoiceId: id } })
  42 await prisma.invoiceRemark.deleteMany({ where: { invoiceId: id } })
  43 await prisma.invoiceSignature.deleteMany({ where: { invoiceId: id } })
ΓåÆ 44 await prisma.invoice.delete(
An operation failed because it depends on one or more records that were required but not found. Record to delete does not exist.

stdout | tests/critical/expense-tracker-sync.test.ts
prisma:error 
Invalid `prisma.invoice.delete()` invocation in
D:/CATARACTA/master-dashboard-faster/tests/setup.ts:61:30

  58 await prisma.invoiceItem.deleteMany({ where: { invoiceId: invoice.id } })
  59 await prisma.invoiceRemark.deleteMany({ where: { invoiceId: invoice.id } })
  60 await prisma.invoiceSignature.deleteMany({ where: { invoiceId: invoice.id } })
ΓåÆ 61 await prisma.invoice.delete(
An operation failed because it depends on one or more records that were required but not found. Record to delete does not exist.

stdout | tests/critical/quotation-flow.test.ts
prisma:error 
Invalid `prisma.invoice.delete()` invocation in
D:/CATARACTA/master-dashboard-faster/tests/setup.ts:61:30

  58 await prisma.invoiceItem.deleteMany({ where: { invoiceId: invoice.id } })
  59 await prisma.invoiceRemark.deleteMany({ where: { invoiceId: invoice.id } })
  60 await prisma.invoiceSignature.deleteMany({ where: { invoiceId: invoice.id } })
ΓåÆ 61 await prisma.invoice.delete(
An operation failed because it depends on one or more records that were required but not found. Record to delete does not exist.

stdout | tests/critical/performance.test.ts
prisma:error 
Invalid `prisma.invoice.delete()` invocation in
D:/CATARACTA/master-dashboard-faster/tests/setup.ts:61:30

  58 await prisma.invoiceItem.deleteMany({ where: { invoiceId: invoice.id } })
  59 await prisma.invoiceRemark.deleteMany({ where: { invoiceId: invoice.id } })
  60 await prisma.invoiceSignature.deleteMany({ where: { invoiceId: invoice.id } })
ΓåÆ 61 await prisma.invoice.delete(
An operation failed because it depends on one or more records that were required but not found. Record to delete does not exist.

stdout | tests/critical/race-condition-id-generation.test.ts > RACE CONDITION FIX - ID Generation
prisma:error 
Invalid `prisma.invoice.delete()` invocation in
D:/CATARACTA/master-dashboard-faster/tests/critical/race-condition-id-generation.test.ts:44:30

  41 await prisma.invoiceItem.deleteMany({ where: { invoiceId: id } })
  42 await prisma.invoiceRemark.deleteMany({ where: { invoiceId: id } })
  43 await prisma.invoiceSignature.deleteMany({ where: { invoiceId: id } })
ΓåÆ 44 await prisma.invoice.delete(
An operation failed because it depends on one or more records that were required but not found. Record to delete does not exist.

stdout | tests/critical/expense-tracker-sync.test.ts
prisma:error 
Invalid `prisma.invoice.delete()` invocation in
D:/CATARACTA/master-dashboard-faster/tests/setup.ts:61:30

  58 await prisma.invoiceItem.deleteMany({ where: { invoiceId: invoice.id } })
  59 await prisma.invoiceRemark.deleteMany({ where: { invoiceId: invoice.id } })
  60 await prisma.invoiceSignature.deleteMany({ where: { invoiceId: invoice.id } })
ΓåÆ 61 await prisma.invoice.delete(
An operation failed because it depends on one or more records that were required but not found. Record to delete does not exist.

stdout | tests/critical/quotation-flow.test.ts
prisma:error 
Invalid `prisma.invoice.delete()` invocation in
D:/CATARACTA/master-dashboard-faster/tests/setup.ts:61:30

  58 await prisma.invoiceItem.deleteMany({ where: { invoiceId: invoice.id } })
  59 await prisma.invoiceRemark.deleteMany({ where: { invoiceId: invoice.id } })
  60 await prisma.invoiceSignature.deleteMany({ where: { invoiceId: invoice.id } })
ΓåÆ 61 await prisma.invoice.delete(
An operation failed because it depends on one or more records that were required but not found. Record to delete does not exist.

stdout | tests/critical/performance.test.ts
prisma:error 
Invalid `prisma.invoice.delete()` invocation in
D:/CATARACTA/master-dashboard-faster/tests/setup.ts:61:30

  58 await prisma.invoiceItem.deleteMany({ where: { invoiceId: invoice.id } })
  59 await prisma.invoiceRemark.deleteMany({ where: { invoiceId: invoice.id } })
  60 await prisma.invoiceSignature.deleteMany({ where: { invoiceId: invoice.id } })
ΓåÆ 61 await prisma.invoice.delete(
An operation failed because it depends on one or more records that were required but not found. Record to delete does not exist.

stdout | tests/critical/race-condition-id-generation.test.ts > RACE CONDITION FIX - ID Generation
prisma:error 
Invalid `prisma.invoice.delete()` invocation in
D:/CATARACTA/master-dashboard-faster/tests/critical/race-condition-id-generation.test.ts:44:30

  41 await prisma.invoiceItem.deleteMany({ where: { invoiceId: id } })
  42 await prisma.invoiceRemark.deleteMany({ where: { invoiceId: id } })
  43 await prisma.invoiceSignature.deleteMany({ where: { invoiceId: id } })
ΓåÆ 44 await prisma.invoice.delete(
An operation failed because it depends on one or more records that were required but not found. Record to delete does not exist.

stdout | tests/critical/expense-tracker-sync.test.ts
prisma:error 
Invalid `prisma.invoice.delete()` invocation in
D:/CATARACTA/master-dashboard-faster/tests/setup.ts:61:30

  58 await prisma.invoiceItem.deleteMany({ where: { invoiceId: invoice.id } })
  59 await prisma.invoiceRemark.deleteMany({ where: { invoiceId: invoice.id } })
  60 await prisma.invoiceSignature.deleteMany({ where: { invoiceId: invoice.id } })
ΓåÆ 61 await prisma.invoice.delete(
An operation failed because it depends on one or more records that were required but not found. Record to delete does not exist.

stdout | tests/critical/quotation-flow.test.ts
prisma:error 
Invalid `prisma.invoice.delete()` invocation in
D:/CATARACTA/master-dashboard-faster/tests/setup.ts:61:30

  58 await prisma.invoiceItem.deleteMany({ where: { invoiceId: invoice.id } })
  59 await prisma.invoiceRemark.deleteMany({ where: { invoiceId: invoice.id } })
  60 await prisma.invoiceSignature.deleteMany({ where: { invoiceId: invoice.id } })
ΓåÆ 61 await prisma.invoice.delete(
An operation failed because it depends on one or more records that were required but not found. Record to delete does not exist.

stdout | tests/critical/performance.test.ts
prisma:error 
Invalid `prisma.invoice.delete()` invocation in
D:/CATARACTA/master-dashboard-faster/tests/setup.ts:61:30

  58 await prisma.invoiceItem.deleteMany({ where: { invoiceId: invoice.id } })
  59 await prisma.invoiceRemark.deleteMany({ where: { invoiceId: invoice.id } })
  60 await prisma.invoiceSignature.deleteMany({ where: { invoiceId: invoice.id } })
ΓåÆ 61 await prisma.invoice.delete(
An operation failed because it depends on one or more records that were required but not found. Record to delete does not exist.

stdout | tests/critical/race-condition-id-generation.test.ts > RACE CONDITION FIX - ID Generation
prisma:error 
Invalid `prisma.invoice.delete()` invocation in
D:/CATARACTA/master-dashboard-faster/tests/critical/race-condition-id-generation.test.ts:44:30

  41 await prisma.invoiceItem.deleteMany({ where: { invoiceId: id } })
  42 await prisma.invoiceRemark.deleteMany({ where: { invoiceId: id } })
  43 await prisma.invoiceSignature.deleteMany({ where: { invoiceId: id } })
ΓåÆ 44 await prisma.invoice.delete(
An operation failed because it depends on one or more records that were required but not found. Record to delete does not exist.

stdout | tests/critical/expense-tracker-sync.test.ts
prisma:error 
Invalid `prisma.invoice.delete()` invocation in
D:/CATARACTA/master-dashboard-faster/tests/setup.ts:61:30

  58 await prisma.invoiceItem.deleteMany({ where: { invoiceId: invoice.id } })
  59 await prisma.invoiceRemark.deleteMany({ where: { invoiceId: invoice.id } })
  60 await prisma.invoiceSignature.deleteMany({ where: { invoiceId: invoice.id } })
ΓåÆ 61 await prisma.invoice.delete(
An operation failed because it depends on one or more records that were required but not found. Record to delete does not exist.

stdout | tests/critical/quotation-flow.test.ts
prisma:error 
Invalid `prisma.invoice.delete()` invocation in
D:/CATARACTA/master-dashboard-faster/tests/setup.ts:61:30

  58 await prisma.invoiceItem.deleteMany({ where: { invoiceId: invoice.id } })
  59 await prisma.invoiceRemark.deleteMany({ where: { invoiceId: invoice.id } })
  60 await prisma.invoiceSignature.deleteMany({ where: { invoiceId: invoice.id } })
ΓåÆ 61 await prisma.invoice.delete(
An operation failed because it depends on one or more records that were required but not found. Record to delete does not exist.

stdout | tests/critical/race-condition-id-generation.test.ts > RACE CONDITION FIX - ID Generation
prisma:error 
Invalid `prisma.invoice.delete()` invocation in
D:/CATARACTA/master-dashboard-faster/tests/critical/race-condition-id-generation.test.ts:44:30

  41 await prisma.invoiceItem.deleteMany({ where: { invoiceId: id } })
  42 await prisma.invoiceRemark.deleteMany({ where: { invoiceId: id } })
  43 await prisma.invoiceSignature.deleteMany({ where: { invoiceId: id } })
ΓåÆ 44 await prisma.invoice.delete(
An operation failed because it depends on one or more records that were required but not found. Record to delete does not exist.

stdout | tests/critical/expense-tracker-sync.test.ts
prisma:error 
Invalid `prisma.invoice.delete()` invocation in
D:/CATARACTA/master-dashboard-faster/tests/setup.ts:61:30

  58 await prisma.invoiceItem.deleteMany({ where: { invoiceId: invoice.id } })
  59 await prisma.invoiceRemark.deleteMany({ where: { invoiceId: invoice.id } })
  60 await prisma.invoiceSignature.deleteMany({ where: { invoiceId: invoice.id } })
ΓåÆ 61 await prisma.invoice.delete(
An operation failed because it depends on one or more records that were required but not found. Record to delete does not exist.

stdout | tests/critical/performance.test.ts
prisma:error 
Invalid `prisma.productionTracker.delete()` invocation in
D:/CATARACTA/master-dashboard-faster/tests/setup.ts:174:40

  171 })
  172 for (const tracker of testTrackers) {
  173   try {
ΓåÆ 174     await prisma.productionTracker.delete(
An operation failed because it depends on one or more records that were required but not found. Record to delete does not exist.

stdout | tests/critical/quotation-flow.test.ts
prisma:error 
Invalid `prisma.productionTracker.delete()` invocation in
D:/CATARACTA/master-dashboard-faster/tests/setup.ts:174:40

  171 })
  172 for (const tracker of testTrackers) {
  173   try {
ΓåÆ 174     await prisma.productionTracker.delete(
An operation failed because it depends on one or more records that were required but not found. Record to delete does not exist.

stdout | tests/critical/race-condition-id-generation.test.ts > RACE CONDITION FIX - ID Generation
prisma:error 
Invalid `prisma.invoice.delete()` invocation in
D:/CATARACTA/master-dashboard-faster/tests/critical/race-condition-id-generation.test.ts:44:30

  41 await prisma.invoiceItem.deleteMany({ where: { invoiceId: id } })
  42 await prisma.invoiceRemark.deleteMany({ where: { invoiceId: id } })
  43 await prisma.invoiceSignature.deleteMany({ where: { invoiceId: id } })
ΓåÆ 44 await prisma.invoice.delete(
An operation failed because it depends on one or more records that were required but not found. Record to delete does not exist.

stdout | tests/critical/quotation-flow.test.ts
prisma:error 
Invalid `prisma.productionTracker.delete()` invocation in
D:/CATARACTA/master-dashboard-faster/tests/setup.ts:174:40

  171 })
  172 for (const tracker of testTrackers) {
  173   try {
ΓåÆ 174     await prisma.productionTracker.delete(
An operation failed because it depends on one or more records that were required but not found. Record to delete does not exist.

stdout | tests/critical/performance.test.ts
prisma:error 
Invalid `prisma.productionTracker.delete()` invocation in
D:/CATARACTA/master-dashboard-faster/tests/setup.ts:174:40

  171 })
  172 for (const tracker of testTrackers) {
  173   try {
ΓåÆ 174     await prisma.productionTracker.delete(
An operation failed because it depends on one or more records that were required but not found. Record to delete does not exist.

stdout | tests/critical/quotation-flow.test.ts
prisma:error 
Invalid `prisma.productionTracker.delete()` invocation in
D:/CATARACTA/master-dashboard-faster/tests/setup.ts:174:40

  171 })
  172 for (const tracker of testTrackers) {
  173   try {
ΓåÆ 174     await prisma.productionTracker.delete(
An operation failed because it depends on one or more records that were required but not found. Record to delete does not exist.

stdout | tests/critical/performance.test.ts
prisma:error 
Invalid `prisma.productionTracker.delete()` invocation in
D:/CATARACTA/master-dashboard-faster/tests/setup.ts:174:40

  171 })
  172 for (const tracker of testTrackers) {
  173   try {
ΓåÆ 174     await prisma.productionTracker.delete(
An operation failed because it depends on one or more records that were required but not found. Record to delete does not exist.

stdout | tests/critical/performance.test.ts
prisma:error 
Invalid `prisma.productionTracker.delete()` invocation in
D:/CATARACTA/master-dashboard-faster/tests/setup.ts:174:40

  171 })
  172 for (const tracker of testTrackers) {
  173   try {
ΓåÆ 174     await prisma.productionTracker.delete(
An operation failed because it depends on one or more records that were required but not found. Record to delete does not exist.

stdout | tests/critical/quotation-flow.test.ts
prisma:error 
Invalid `prisma.productionTracker.delete()` invocation in
D:/CATARACTA/master-dashboard-faster/tests/setup.ts:174:40

  171 })
  172 for (const tracker of testTrackers) {
  173   try {
ΓåÆ 174     await prisma.productionTracker.delete(
An operation failed because it depends on one or more records that were required but not found. Record to delete does not exist.

stdout | tests/critical/quotation-flow.test.ts
prisma:error 
Invalid `prisma.productionTracker.delete()` invocation in
D:/CATARACTA/master-dashboard-faster/tests/setup.ts:174:40

  171 })
  172 for (const tracker of testTrackers) {
  173   try {
ΓåÆ 174     await prisma.productionTracker.delete(
An operation failed because it depends on one or more records that were required but not found. Record to delete does not exist.

stdout | tests/critical/performance.test.ts
prisma:error 
Invalid `prisma.productionTracker.delete()` invocation in
D:/CATARACTA/master-dashboard-faster/tests/setup.ts:174:40

  171 })
  172 for (const tracker of testTrackers) {
  173   try {
ΓåÆ 174     await prisma.productionTracker.delete(
An operation failed because it depends on one or more records that were required but not found. Record to delete does not exist.

stdout | tests/critical/expense-tracker-sync.test.ts
prisma:error 
Invalid `prisma.productionTracker.delete()` invocation in
D:/CATARACTA/master-dashboard-faster/tests/setup.ts:174:40

  171 })
  172 for (const tracker of testTrackers) {
  173   try {
ΓåÆ 174     await prisma.productionTracker.delete(
An operation failed because it depends on one or more records that were required but not found. Record to delete does not exist.

stdout | tests/critical/race-condition-id-generation.test.ts > RACE CONDITION FIX - ID Generation
prisma:error 
Invalid `prisma.invoice.delete()` invocation in
D:/CATARACTA/master-dashboard-faster/tests/critical/race-condition-id-generation.test.ts:44:30

  41 await prisma.invoiceItem.deleteMany({ where: { invoiceId: id } })
  42 await prisma.invoiceRemark.deleteMany({ where: { invoiceId: id } })
  43 await prisma.invoiceSignature.deleteMany({ where: { invoiceId: id } })
ΓåÆ 44 await prisma.invoice.delete(
An operation failed because it depends on one or more records that were required but not found. Record to delete does not exist.

stdout | tests/critical/quotation-flow.test.ts
prisma:error 
Invalid `prisma.productionTracker.delete()` invocation in
D:/CATARACTA/master-dashboard-faster/tests/setup.ts:174:40

  171 })
  172 for (const tracker of testTrackers) {
  173   try {
ΓåÆ 174     await prisma.productionTracker.delete(
An operation failed because it depends on one or more records that were required but not found. Record to delete does not exist.

stdout | tests/critical/performance.test.ts
prisma:error 
Invalid `prisma.productionTracker.delete()` invocation in
D:/CATARACTA/master-dashboard-faster/tests/setup.ts:174:40

  171 })
  172 for (const tracker of testTrackers) {
  173   try {
ΓåÆ 174     await prisma.productionTracker.delete(
An operation failed because it depends on one or more records that were required but not found. Record to delete does not exist.

stdout | tests/critical/expense-tracker-sync.test.ts
prisma:error 
Invalid `prisma.productionTracker.delete()` invocation in
D:/CATARACTA/master-dashboard-faster/tests/setup.ts:174:40

  171 })
  172 for (const tracker of testTrackers) {
  173   try {
ΓåÆ 174     await prisma.productionTracker.delete(
An operation failed because it depends on one or more records that were required but not found. Record to delete does not exist.

stdout | tests/critical/performance.test.ts
prisma:error 
Invalid `prisma.productionTracker.delete()` invocation in
D:/CATARACTA/master-dashboard-faster/tests/setup.ts:174:40

  171 })
  172 for (const tracker of testTrackers) {
  173   try {
ΓåÆ 174     await prisma.productionTracker.delete(
An operation failed because it depends on one or more records that were required but not found. Record to delete does not exist.

stdout | tests/critical/quotation-flow.test.ts
prisma:error 
Invalid `prisma.productionTracker.delete()` invocation in
D:/CATARACTA/master-dashboard-faster/tests/setup.ts:174:40

  171 })
  172 for (const tracker of testTrackers) {
  173   try {
ΓåÆ 174     await prisma.productionTracker.delete(
An operation failed because it depends on one or more records that were required but not found. Record to delete does not exist.

stdout | tests/critical/expense-tracker-sync.test.ts
prisma:error 
Invalid `prisma.productionTracker.delete()` invocation in
D:/CATARACTA/master-dashboard-faster/tests/setup.ts:174:40

  171 })
  172 for (const tracker of testTrackers) {
  173   try {
ΓåÆ 174     await prisma.productionTracker.delete(
An operation failed because it depends on one or more records that were required but not found. Record to delete does not exist.

stdout | tests/critical/quotation-flow.test.ts
prisma:error 
Invalid `prisma.productionTracker.delete()` invocation in
D:/CATARACTA/master-dashboard-faster/tests/setup.ts:174:40

  171 })
  172 for (const tracker of testTrackers) {
  173   try {
ΓåÆ 174     await prisma.productionTracker.delete(
An operation failed because it depends on one or more records that were required but not found. Record to delete does not exist.

stdout | tests/critical/performance.test.ts
prisma:error 
Invalid `prisma.productionTracker.delete()` invocation in
D:/CATARACTA/master-dashboard-faster/tests/setup.ts:174:40

  171 })
  172 for (const tracker of testTrackers) {
  173   try {
ΓåÆ 174     await prisma.productionTracker.delete(
An operation failed because it depends on one or more records that were required but not found. Record to delete does not exist.

stdout | tests/critical/tracker-sync.test.ts
prisma:error 
Invalid `prisma.productionTracker.delete()` invocation in
D:/CATARACTA/master-dashboard-faster/tests/setup.ts:174:40

  171 })
  172 for (const tracker of testTrackers) {
  173   try {
ΓåÆ 174     await prisma.productionTracker.delete(
An operation failed because it depends on one or more records that were required but not found. Record to delete does not exist.

stdout | tests/critical/expense-tracker-sync.test.ts
prisma:error 
Invalid `prisma.productionTracker.delete()` invocation in
D:/CATARACTA/master-dashboard-faster/tests/setup.ts:174:40

  171 })
  172 for (const tracker of testTrackers) {
  173   try {
ΓåÆ 174     await prisma.productionTracker.delete(
An operation failed because it depends on one or more records that were required but not found. Record to delete does not exist.

stdout | tests/critical/performance.test.ts
prisma:error 
Invalid `prisma.productionTracker.delete()` invocation in
D:/CATARACTA/master-dashboard-faster/tests/setup.ts:174:40

  171 })
  172 for (const tracker of testTrackers) {
  173   try {
ΓåÆ 174     await prisma.productionTracker.delete(
An operation failed because it depends on one or more records that were required but not found. Record to delete does not exist.

stdout | tests/critical/quotation-flow.test.ts
prisma:error 
Invalid `prisma.productionTracker.delete()` invocation in
D:/CATARACTA/master-dashboard-faster/tests/setup.ts:174:40

  171 })
  172 for (const tracker of testTrackers) {
  173   try {
ΓåÆ 174     await prisma.productionTracker.delete(
An operation failed because it depends on one or more records that were required but not found. Record to delete does not exist.

stdout | tests/critical/quotation-flow.test.ts
prisma:error 
Invalid `prisma.productionTracker.delete()` invocation in
D:/CATARACTA/master-dashboard-faster/tests/setup.ts:174:40

  171 })
  172 for (const tracker of testTrackers) {
  173   try {
ΓåÆ 174     await prisma.productionTracker.delete(
An operation failed because it depends on one or more records that were required but not found. Record to delete does not exist.

stdout | tests/critical/performance.test.ts
prisma:error 
Invalid `prisma.productionTracker.delete()` invocation in
D:/CATARACTA/master-dashboard-faster/tests/setup.ts:174:40

  171 })
  172 for (const tracker of testTrackers) {
  173   try {
ΓåÆ 174     await prisma.productionTracker.delete(
An operation failed because it depends on one or more records that were required but not found. Record to delete does not exist.

stdout | tests/critical/quotation-flow.test.ts
prisma:error 
Invalid `prisma.productionTracker.delete()` invocation in
D:/CATARACTA/master-dashboard-faster/tests/setup.ts:174:40

  171 })
  172 for (const tracker of testTrackers) {
  173   try {
ΓåÆ 174     await prisma.productionTracker.delete(
An operation failed because it depends on one or more records that were required but not found. Record to delete does not exist.

stdout | tests/critical/race-condition-id-generation.test.ts

≡ƒº╣ Running comprehensive test cleanup...

stdout | tests/critical/tracker-sync.test.ts
Γ£à Test cleanup completed

stdout | tests/critical/expense-tracker-sync.test.ts
Γ£à Test cleanup completed

 Γ£ô tests/critical/expense-tracker-sync.test.ts (9 tests) 5931ms
       Γ£ô should fetch tracker data for syncing  474ms
       Γ£ô should preserve budgeted amounts when product exists, set to 0 for new products  527ms
       Γ£ô should allow updating expense after sync without losing synced data  1503ms
 Γ¥» tests/critical/tracker-sync.test.ts (13 tests | 3 failed) 5855ms
       Γ£ô should create tracker when quotation is created (draft or final)  469ms
       Γ£ô should create tracker when invoice is created (not just when paid) 181ms
       Γ£ô should create tracker when Paragon ticket is created 176ms
       Γ£ô should create tracker when Erha ticket is created 206ms
       Γ£ô should update existing tracker when quotation with same billTo is created  365ms
       Γ£ô should update existing tracker when invoice with same billTo is created 274ms
       ├ù should preserve productAmounts, expense, notes, and status when tracker is updated from document 81ms
       Γ£ô should NOT create tracker when Planning is created 114ms
       ├ù should NOT create tracker when Expense is created 67ms
       Γ£ô should create new tracker with copied name when document is copied 269ms
       Γ£ô should NOT delete tracker when source invoice is deleted 216ms
       ├ù should only update expenseId on existing tracker, not create new one 142ms
       Γ£ô should initialize productAmounts as empty object on tracker creation 261ms
stdout | tests/critical/performance.test.ts
Γ£à Test cleanup completed

stdout | tests/critical/quotation-flow.test.ts
Γ£à Test cleanup completed

stdout | tests/critical/race-condition-id-generation.test.ts
Γ£à Test cleanup completed

 Γ£ô tests/critical/performance.test.ts (3 tests) 6094ms
     Γ£ô should complete large update in under 2 seconds  534ms
 Γ£ô tests/critical/quotation-flow.test.ts (12 tests) 6039ms
     Γ£ô FEATURE 2: Should create quotation with items and nested details  376ms
     Γ£ô FEATURE 6: Should update quotation - UPSERT items (add, update, delete)  592ms
     Γ£ô FEATURE 7: Should update quotation - reorder items and remarks  371ms
     Γ£ô FEATURE 9: Should delete quotation with all related data (cascade)  610ms
 Γ¥» tests/critical/race-condition-id-generation.test.ts (9 tests | 1 failed) 6367ms
       Γ£ô should generate sequential IDs 160ms
       ├ù should maintain sequence even with database writes 347ms
       Γ£ô should handle 10 concurrent requests without duplicates 276ms
       Γ£ô should handle 50 concurrent requests without duplicates 290ms
       Γ£ô should handle concurrent requests with actual DB writes 214ms
       Γ£ô should handle concurrent generation across different entity types 119ms
       Γ£ô should handle 100 concurrent requests without duplicates  418ms
       Γ£ô should not deadlock on sequential generation after concurrent load 172ms
       Γ£ô should handle errors gracefully and not leave locks 103ms
stdout | tests/critical/production-tracker.test.ts > Tracker Integration Tests
prisma:error 
Invalid `prisma.productionTracker.delete()` invocation in
D:/CATARACTA/master-dashboard-faster/tests/critical/production-tracker.test.ts:109:38

  106 
  107 // Cleanup trackers
  108 if (testTracker?.id) {
ΓåÆ 109   await prisma.productionTracker.delete(
An operation failed because it depends on one or more records that were required but not found. Record to delete does not exist.

stderr | tests/critical/reference-tracking-fixes.test.ts
ΓÜá∩╕Å  Warning: Not using test database!

stderr | tests/critical/invoice-flow.test.ts
ΓÜá∩╕Å  Warning: Not using test database!

stderr | tests/critical/cascade-delete-fixes.test.ts
ΓÜá∩╕Å  Warning: Not using test database!

stderr | tests/critical/unique-name-validation.test.ts
ΓÜá∩╕Å  Warning: Not using test database!

stdout | tests/critical/production-tracker.test.ts

≡ƒº╣ Running comprehensive test cleanup...

stderr | tests/critical/all-endpoints.test.ts
ΓÜá∩╕Å  Warning: Not using test database!

stdout | tests/critical/production-tracker.test.ts
Γ£à Test cleanup completed

 Γ¥» tests/critical/production-tracker.test.ts (21 tests | 6 failed) 8317ms
       Γ£ô should create a production tracker manually 182ms
       Γ£ô should fetch all production trackers (excluding soft-deleted) 295ms
       Γ£ô should update production tracker product amounts  2182ms
       Γ£ô should soft delete a production tracker  516ms
       Γ£ô should create production tracker when invoice is created (not just when paid) 1ms
       Γ£ô should round all currency values from invoice 0ms
       Γ£ô should NOT auto-calculate expense and productAmounts (user-entered only) 0ms
       ├ù should update tracker when invoice is updated, but preserve user-entered product amounts 54ms
       Γ£ô should store product amounts as JSONB object (no migration needed for new products) 214ms
       ├ù should return production tracker with all fields 42ms
       Γ£ô should create tracker via API with all required fields  403ms
       Γ£ô should create tracker with default "pending" status  410ms
       Γ£ô should update status from pending to in progress  393ms
       Γ£ô should update status from in progress to paid  382ms
       ├ù should auto-create tracker with "pending" status when invoice is created 114ms
       ├ù should return status field in API responses 144ms
       ├ù should store and display invoice ID when tracker is created from invoice 108ms
       Γ£ô should allow manual entry without invoice ID  405ms
       Γ£ô should update invoice ID via API  380ms
       Γ£ô should return invoice ID in API responses 204ms
       ├ù should differentiate between invoice-generated and manual entries 238ms
stdout | tests/critical/reference-tracking-fixes.test.ts > REFERENCE TRACKING FIXES - Integration Tests > Quotation ΓåÆ Invoice FK Relationship > should prevent invalid FK reference
prisma:error 
Invalid `prisma.invoice.create()` invocation in
D:/CATARACTA/master-dashboard-faster/tests/critical/reference-tracking-fixes.test.ts:267:30

  264 let errorThrown = false
  265 
  266 try {
ΓåÆ 267   await prisma.invoice.create(
Foreign key constraint violated: `Invoice_sourceQuotationId_fkey (index)`

stderr | tests/critical/transaction-safety.test.ts
ΓÜá∩╕Å  Warning: Not using test database!

stdout | tests/critical/all-endpoints.test.ts

≡ƒº╣ Running comprehensive test cleanup...

stdout | tests/critical/transaction-safety.test.ts

≡ƒº╣ Running comprehensive test cleanup...

stdout | tests/critical/cascade-delete-fixes.test.ts > CASCADE DELETE FIXES - Integration Tests > Product-ProductDetail Soft Delete Consistency > should not allow orphaned details (database constraint)
prisma:error 
Invalid `prisma.product.delete()` invocation in
D:/CATARACTA/master-dashboard-faster/tests/critical/cascade-delete-fixes.test.ts:425:30

  422 
  423 let errorThrown = false
  424 try {
ΓåÆ 425   await prisma.product.delete(
Foreign key constraint violated: `ProductDetail_productId_fkey (index)`

stdout | tests/critical/all-endpoints.test.ts
prisma:error 
Invalid `prisma.quotation.delete()` invocation in
D:/CATARACTA/master-dashboard-faster/tests/setup.ts:92:32

  89 await prisma.quotationItem.deleteMany({ where: { quotationId: quotation.id } })
  90 await prisma.quotationRemark.deleteMany({ where: { quotationId: quotation.id } })
  91 await prisma.quotationSignature.deleteMany({ where: { quotationId: quotation.id } })
ΓåÆ 92 await prisma.quotation.delete(
An operation failed because it depends on one or more records that were required but not found. Record to delete does not exist.

stdout | tests/critical/transaction-safety.test.ts
prisma:error 
Invalid `prisma.quotation.delete()` invocation in
D:/CATARACTA/master-dashboard-faster/tests/setup.ts:92:32

  89 await prisma.quotationItem.deleteMany({ where: { quotationId: quotation.id } })
  90 await prisma.quotationRemark.deleteMany({ where: { quotationId: quotation.id } })
  91 await prisma.quotationSignature.deleteMany({ where: { quotationId: quotation.id } })
ΓåÆ 92 await prisma.quotation.delete(
An operation failed because it depends on one or more records that were required but not found. Record to delete does not exist.

stdout | tests/critical/reference-tracking-fixes.test.ts

≡ƒº╣ Running comprehensive test cleanup...

stdout | tests/critical/transaction-safety.test.ts
prisma:error 
Invalid `prisma.expense.delete()` invocation in
D:/CATARACTA/master-dashboard-faster/tests/setup.ts:119:30

  116 for (const expense of testExpenses) {
  117   try {
  118     await prisma.expenseItem.deleteMany({ where: { expenseId: expense.id } })
ΓåÆ 119     await prisma.expense.delete(
An operation failed because it depends on one or more records that were required but not found. Record to delete does not exist.

stdout | tests/critical/cascade-delete-fixes.test.ts > CASCADE DELETE FIXES - Integration Tests > Dashboard Calculations After Migration > should query expenses with snapshot filters
prisma:error 
Invalid `prisma.expense.delete()` invocation in
D:/CATARACTA/master-dashboard-faster/tests/critical/cascade-delete-fixes.test.ts:506:28

  503 
  504 // Clean up
  505 await prisma.expenseItem.deleteMany({ where: { expenseId: testExpense.id } })
ΓåÆ 506 await prisma.expense.delete(
An operation failed because it depends on one or more records that were required but not found. Record to delete does not exist.

stdout | tests/critical/reference-tracking-fixes.test.ts
prisma:error 
Invalid `prisma.expense.delete()` invocation in
D:/CATARACTA/master-dashboard-faster/tests/setup.ts:119:30

  116 for (const expense of testExpenses) {
  117   try {
  118     await prisma.expenseItem.deleteMany({ where: { expenseId: expense.id } })
ΓåÆ 119     await prisma.expense.delete(
An operation failed because it depends on one or more records that were required but not found. Record to delete does not exist.

stdout | tests/critical/transaction-safety.test.ts
prisma:error 
Invalid `prisma.product.delete()` invocation in
D:/CATARACTA/master-dashboard-faster/tests/setup.ts:194:30

  191 for (const product of testProducts) {
  192   try {
  193     await prisma.productDetail.deleteMany({ where: { productId: product.id } })
ΓåÆ 194     await prisma.product.delete(
An operation failed because it depends on one or more records that were required but not found. Record to delete does not exist.

stdout | tests/critical/all-endpoints.test.ts
Γ£à Test cleanup completed

stdout | tests/critical/invoice-flow.test.ts

≡ƒº╣ Running comprehensive test cleanup...

stdout | tests/critical/transaction-safety.test.ts
Γ£à Test cleanup completed

 Γ£ô tests/critical/all-endpoints.test.ts (3 tests) 2711ms
     Γ£ô Planning: should use UPSERT pattern for items  687ms
     Γ£ô Expense: should use UPSERT pattern for items  490ms
     Γ£ô Quotation: should maintain data integrity with complex nested updates  719ms
stdout | tests/critical/reference-tracking-fixes.test.ts
Γ£à Test cleanup completed

stdout | tests/critical/cascade-delete-fixes.test.ts > CASCADE DELETE FIXES - Integration Tests
prisma:error 
Invalid `prisma.expense.delete()` invocation in
D:/CATARACTA/master-dashboard-faster/tests/critical/cascade-delete-fixes.test.ts:45:30

  42 const cleanupExpense = async (id: string) => {
  43   try {
  44     await prisma.expenseItem.deleteMany({ where: { expenseId: id } })
ΓåÆ 45     await prisma.expense.delete(
An operation failed because it depends on one or more records that were required but not found. Record to delete does not exist.

 Γ£ô tests/critical/transaction-safety.test.ts (2 tests) 1792ms
 Γ£ô tests/critical/reference-tracking-fixes.test.ts (7 tests) 2995ms
       Γ£ô should create FK link when expense generated from invoice  397ms
       Γ£ô should navigate Planning ΓåÆ Quotation ΓåÆ Invoice ΓåÆ Expense  591ms
stdout | tests/critical/cascade-delete-fixes.test.ts > CASCADE DELETE FIXES - Integration Tests
prisma:error 
Invalid `prisma.planning.delete()` invocation in
D:/CATARACTA/master-dashboard-faster/tests/critical/cascade-delete-fixes.test.ts:79:31

  76 const cleanupPlanning = async (id: string) => {
  77   try {
  78     await prisma.planningItem.deleteMany({ where: { planningId: id } })
ΓåÆ 79     await prisma.planning.delete(
An operation failed because it depends on one or more records that were required but not found. Record to delete does not exist.

stdout | tests/critical/cascade-delete-fixes.test.ts > CASCADE DELETE FIXES - Integration Tests
prisma:error 
Invalid `prisma.product.delete()` invocation in
D:/CATARACTA/master-dashboard-faster/tests/critical/cascade-delete-fixes.test.ts:86:30

  83 const cleanupProduct = async (id: string) => {
  84   try {
  85     await prisma.productDetail.deleteMany({ where: { productId: id } })
ΓåÆ 86     await prisma.product.delete(
An operation failed because it depends on one or more records that were required but not found. Record to delete does not exist.

stdout | tests/critical/invoice-flow.test.ts
Γ£à Test cleanup completed

 Γ£ô tests/critical/invoice-flow.test.ts (11 tests) 3444ms
     Γ£ô FEATURE 1: Should create invoice with all basic fields  340ms
     Γ£ô FEATURE 2: Should create invoice with items and nested details  362ms
     Γ£ô FEATURE 6: Should update invoice - UPSERT items  587ms
     Γ£ô FEATURE 8: Should delete invoice with cascade  554ms
stdout | tests/critical/cascade-delete-fixes.test.ts

≡ƒº╣ Running comprehensive test cleanup...

stderr | tests/critical/optimistic-locking.test.ts
ΓÜá∩╕Å  Warning: Not using test database!

stdout | tests/critical/cascade-delete-fixes.test.ts
Γ£à Test cleanup completed

 Γ¥» tests/critical/cascade-delete-fixes.test.ts (13 tests | 1 failed) 3875ms
       Γ£ô should create expense with invoice snapshots (no FK)  670ms
       Γ£ô should preserve expense when invoice is soft-deleted 170ms
       Γ£ô should preserve expense when invoice is hard-deleted  329ms
       Γ£ô should allow querying expenses by invoice snapshot 38ms
       Γ£ô should create product with details 199ms
       Γ£ô should soft-delete product AND details together 210ms
       Γ£ô should exclude soft-deleted details in product queries 68ms
       Γ£ô should restore product AND details together 124ms
       Γ£ô should not allow orphaned details (database constraint) 50ms
       Γ£ô should calculate expense stats correctly 83ms
       ├ù should query expenses with snapshot filters 286ms
       Γ£ô should handle expenses without snapshots (legacy data) 189ms
       Γ£ô should allow expenses with invoiceId but no invoice (after invoice deleted) 207ms
stdout | tests/critical/optimistic-locking.test.ts

≡ƒº╣ Running comprehensive test cleanup...

stdout | tests/critical/optimistic-locking.test.ts
Γ£à Test cleanup completed

 Γ£ô tests/critical/optimistic-locking.test.ts (5 tests) 994ms
stdout | tests/critical/auto-save.test.ts > Smart Auto-Save Integration Tests > 6. Performance (Railway-Friendly) > should complete auto-save within reasonable time (< 2 seconds local)
Γ£à Auto-save performance: 1672ms for 10 items

stdout | tests/critical/auto-save.test.ts

≡ƒº╣ Running comprehensive test cleanup...

stdout | tests/critical/auto-save.test.ts
Γ£à Test cleanup completed

 Γ£ô tests/critical/auto-save.test.ts (13 tests) 17414ms
       Γ£ô should NOT auto-save when mandatory fields are missing  1549ms
       Γ£ô should auto-save successfully when all mandatory fields are filled  1793ms
       Γ£ô should prevent saves that are too frequent  1576ms
       Γ£ô should detect concurrent edits and return 409 conflict  1003ms
       Γ£ô should allow save with correct updatedAt version  890ms
       Γ£ô should force status to "draft" even if payload says "pending"  975ms
       Γ£ô should auto-save with nested items and remarks (UPSERT pattern)  1170ms
       Γ£ô should UPSERT items correctly (update existing, create new, delete removed)  1776ms
       Γ£ô should complete auto-save within reasonable time (< 2 seconds local)  1913ms
       Γ£ô should auto-save planning when mandatory fields filled  1077ms
       Γ£ô should NOT auto-save planning when mandatory fields missing  771ms
       Γ£ô should auto-save expense when mandatory fields filled  1158ms
       Γ£ô should NOT auto-save expense when mandatory fields missing  794ms
stdout | tests/critical/unique-name-validation.test.ts

≡ƒº╣ Running comprehensive test cleanup...

stdout | tests/critical/unique-name-validation.test.ts
Γ£à Test cleanup completed

 Γ£ô tests/critical/unique-name-validation.test.ts (20 tests) 12822ms
       Γ£ô should create planning with unique projectName via API  1162ms
       Γ£ô should auto-increment projectName when duplicate exists  847ms
       Γ£ô should handle projectName updates without creating duplicates  1288ms
       Γ£ô should create quotation with unique billTo via API  666ms
       Γ£ô should auto-increment billTo when duplicate exists  1128ms
       Γ£ô should create invoice with unique billTo via API  934ms
       Γ£ô should auto-increment billTo when duplicate exists  1200ms
       Γ£ô should create expense with unique projectName via API  722ms
       Γ£ô should auto-increment projectName when duplicate exists  790ms
       Γ£ô should create tracker with unique projectName via API  407ms
       Γ£ô should auto-increment projectName when duplicate exists  658ms
       Γ£ô should handle suffixes beyond 09 correctly  810ms

ΓÄ»ΓÄ»ΓÄ»ΓÄ»ΓÄ»ΓÄ» Failed Tests 11 ΓÄ»ΓÄ»ΓÄ»ΓÄ»ΓÄ»ΓÄ»ΓÄ»

 FAIL  tests/critical/cascade-delete-fixes.test.ts > CASCADE DELETE FIXES - Integration Tests > Dashboard Calculations 
After Migration > should query expenses with snapshot filters
PrismaClientKnownRequestError: 
Invalid `prisma.expense.delete()` invocation in
D:/CATARACTA/master-dashboard-faster/tests/critical/cascade-delete-fixes.test.ts:506:28

  503 
  504 // Clean up
  505 await prisma.expenseItem.deleteMany({ where: { expenseId: testExpense.id } })
ΓåÆ 506 await prisma.expense.delete(
An operation failed because it depends on one or more records that were required but not found. Record to delete does 
not exist.
 Γ¥» $n.handleRequestError node_modules/@prisma/client/runtime/library.js:121:7315
 Γ¥» $n.handleAndLogRequestError node_modules/@prisma/client/runtime/library.js:121:6623
 Γ¥» $n.request node_modules/@prisma/client/runtime/library.js:121:6307
 Γ¥» l node_modules/@prisma/client/runtime/library.js:130:9633
 Γ¥» lib/prisma.ts:28:18
     26| prisma.$use(async (params, next) => {
     27|   const before = Date.now()
     28|   const result = await next(params)
       |                  ^
     29|   const after = Date.now()
     30|   
 Γ¥» lib/slow-query-logger.ts:138:20
 Γ¥» tests/critical/cascade-delete-fixes.test.ts:506:7

ΓÄ»ΓÄ»ΓÄ»ΓÄ»ΓÄ»ΓÄ»ΓÄ»ΓÄ»ΓÄ»ΓÄ»ΓÄ»ΓÄ»ΓÄ»ΓÄ»ΓÄ»ΓÄ»ΓÄ»ΓÄ»ΓÄ»ΓÄ»ΓÄ»ΓÄ»ΓÄ»[1/11]ΓÄ»

 FAIL  tests/critical/production-tracker.test.ts > Tracker Integration Tests > 3. Auto-Update from Invoice (Preserve 
User Data) > should update tracker when invoice is updated, but preserve user-entered product amounts
PrismaClientKnownRequestError: 
Invalid `prisma.productionTracker.update()` invocation in
D:/CATARACTA/master-dashboard-faster/tests/critical/production-tracker.test.ts:353:38

  350 expect(testTracker).toBeDefined()
  351 
  352 // Manually update product amounts in the tracker (simulating user input)
ΓåÆ 353 await prisma.productionTracker.update(
An operation failed because it depends on one or more records that were required but not found. Record to update not 
found.
 Γ¥» $n.handleRequestError node_modules/@prisma/client/runtime/library.js:121:7315
 Γ¥» $n.handleAndLogRequestError node_modules/@prisma/client/runtime/library.js:121:6623
 Γ¥» $n.request node_modules/@prisma/client/runtime/library.js:121:6307
 Γ¥» l node_modules/@prisma/client/runtime/library.js:130:9633
 Γ¥» lib/prisma.ts:28:18
     26| prisma.$use(async (params, next) => {
     27|   const before = Date.now()
     28|   const result = await next(params)
       |                  ^
     29|   const after = Date.now()
     30|   
 Γ¥» lib/slow-query-logger.ts:138:20
 Γ¥» tests/critical/production-tracker.test.ts:353:7

ΓÄ»ΓÄ»ΓÄ»ΓÄ»ΓÄ»ΓÄ»ΓÄ»ΓÄ»ΓÄ»ΓÄ»ΓÄ»ΓÄ»ΓÄ»ΓÄ»ΓÄ»ΓÄ»ΓÄ»ΓÄ»ΓÄ»ΓÄ»ΓÄ»ΓÄ»ΓÄ»[2/11]ΓÄ»

 FAIL  tests/critical/production-tracker.test.ts > Tracker Integration Tests > 5. API Endpoint Integration > should 
return production tracker with all fields
AssertionError: expected false to be true // Object.is equality

- Expected
+ Received

- true
+ false

 Γ¥» tests/critical/production-tracker.test.ts:460:27
    458|       
    459|       const response = await fetch(`http://localhost:3000/api/productiΓÇª
    460|       expect(response.ok).toBe(true)
       |                           ^
    461|       
    462|       const tracker = await response.json()

ΓÄ»ΓÄ»ΓÄ»ΓÄ»ΓÄ»ΓÄ»ΓÄ»ΓÄ»ΓÄ»ΓÄ»ΓÄ»ΓÄ»ΓÄ»ΓÄ»ΓÄ»ΓÄ»ΓÄ»ΓÄ»ΓÄ»ΓÄ»ΓÄ»ΓÄ»ΓÄ»[3/11]ΓÄ»

 FAIL  tests/critical/production-tracker.test.ts > Tracker Integration Tests > 6. Status Field Management > should 
auto-create tracker with "pending" status when invoice is created
AssertionError: expected undefined to be 'pending' // Object.is equality

- Expected: 
"pending"

+ Received: 
undefined

 Γ¥» tests/critical/production-tracker.test.ts:675:31
    673|       
    674|       expect(tracker).toBeDefined()
    675|       expect(tracker?.status).toBe('pending')
       |                               ^
    676|       
    677|       // Cleanup

ΓÄ»ΓÄ»ΓÄ»ΓÄ»ΓÄ»ΓÄ»ΓÄ»ΓÄ»ΓÄ»ΓÄ»ΓÄ»ΓÄ»ΓÄ»ΓÄ»ΓÄ»ΓÄ»ΓÄ»ΓÄ»ΓÄ»ΓÄ»ΓÄ»ΓÄ»ΓÄ»[4/11]ΓÄ»

 FAIL  tests/critical/production-tracker.test.ts > Tracker Integration Tests > 6. Status Field Management > should 
return status field in API responses
AssertionError: expected false to be true // Object.is equality

- Expected
+ Received

- true
+ false

 Γ¥» tests/critical/production-tracker.test.ts:710:30
    708|       // GET single tracker
    709|       const getResponse = await fetch(`http://localhost:3000/api/produΓÇª
    710|       expect(getResponse.ok).toBe(true)
       |                              ^
    711|       
    712|       const getTracker = await getResponse.json()

ΓÄ»ΓÄ»ΓÄ»ΓÄ»ΓÄ»ΓÄ»ΓÄ»ΓÄ»ΓÄ»ΓÄ»ΓÄ»ΓÄ»ΓÄ»ΓÄ»ΓÄ»ΓÄ»ΓÄ»ΓÄ»ΓÄ»ΓÄ»ΓÄ»ΓÄ»ΓÄ»[5/11]ΓÄ»

 FAIL  tests/critical/production-tracker.test.ts > Tracker Integration Tests > 7. Invoice ID Column and Link 
Functionality > should store and display invoice ID when tracker is created from invoice
AssertionError: expected undefined to be 'INV-2026-1262' // Object.is equality

- Expected: 
"INV-2026-1262"

+ Received: 
undefined

 Γ¥» tests/critical/production-tracker.test.ts:773:34
    771|       
    772|       expect(tracker).toBeDefined()
    773|       expect(tracker?.invoiceId).toBe(invoiceId)
       |                                  ^
    774|       expect(tracker?.invoiceId).toMatch(/^INV-\d{4}-\d{4}$/)
    775|       

ΓÄ»ΓÄ»ΓÄ»ΓÄ»ΓÄ»ΓÄ»ΓÄ»ΓÄ»ΓÄ»ΓÄ»ΓÄ»ΓÄ»ΓÄ»ΓÄ»ΓÄ»ΓÄ»ΓÄ»ΓÄ»ΓÄ»ΓÄ»ΓÄ»ΓÄ»ΓÄ»[6/11]ΓÄ»

 FAIL  tests/critical/production-tracker.test.ts > Tracker Integration Tests > 7. Invoice ID Column and Link 
Functionality > should differentiate between invoice-generated and manual entries
AssertionError: expected undefined to be truthy

- Expected: 
true

+ Received: 
undefined

 Γ¥» tests/critical/production-tracker.test.ts:959:43
    957|       
    958|       // Invoice-generated should have invoiceId
    959|       expect(generatedTracker?.invoiceId).toBeTruthy()
       |                                           ^
    960|       expect(generatedTracker?.invoiceId).toMatch(/^INV-\d{4}-\d{4}$/)
    961|       

ΓÄ»ΓÄ»ΓÄ»ΓÄ»ΓÄ»ΓÄ»ΓÄ»ΓÄ»ΓÄ»ΓÄ»ΓÄ»ΓÄ»ΓÄ»ΓÄ»ΓÄ»ΓÄ»ΓÄ»ΓÄ»ΓÄ»ΓÄ»ΓÄ»ΓÄ»ΓÄ»[7/11]ΓÄ»

 FAIL  tests/critical/race-condition-id-generation.test.ts > RACE CONDITION FIX - ID Generation > Sequential ID 
Generation > should maintain sequence even with database writes
AssertionError: expected 1225 to be 1224 // Object.is equality

- Expected
+ Received

- 1224
+ 1225

 Γ¥» tests/critical/race-condition-id-generation.test.ts:144:28
    142|       const numbers = generatedIds.map(id => parseInt(id.split('-')[2]ΓÇª
    143|       for (let i = 1; i < numbers.length; i++) {
    144|         expect(numbers[i]).toBe(numbers[i - 1] + 1)
       |                            ^
    145|       }
    146|     })

ΓÄ»ΓÄ»ΓÄ»ΓÄ»ΓÄ»ΓÄ»ΓÄ»ΓÄ»ΓÄ»ΓÄ»ΓÄ»ΓÄ»ΓÄ»ΓÄ»ΓÄ»ΓÄ»ΓÄ»ΓÄ»ΓÄ»ΓÄ»ΓÄ»ΓÄ»ΓÄ»[8/11]ΓÄ»

 FAIL  tests/critical/tracker-sync.test.ts > Tracker Synchronization Tests > 3. Preserve User-Entered Fields > should 
preserve productAmounts, expense, notes, and status when tracker is updated from document
TypeError: Cannot read properties of null (reading 'id')
 Γ¥» tests/critical/tracker-sync.test.ts:471:31
    469|       // User manually fills in tracker fields
    470|       await prisma.productionTracker.update({
    471|         where: { id: tracker!.id },
       |                               ^
    472|         data: {
    473|           productAmounts: {

ΓÄ»ΓÄ»ΓÄ»ΓÄ»ΓÄ»ΓÄ»ΓÄ»ΓÄ»ΓÄ»ΓÄ»ΓÄ»ΓÄ»ΓÄ»ΓÄ»ΓÄ»ΓÄ»ΓÄ»ΓÄ»ΓÄ»ΓÄ»ΓÄ»ΓÄ»ΓÄ»[9/11]ΓÄ»

 FAIL  tests/critical/tracker-sync.test.ts > Tracker Synchronization Tests > 4. Entities That Do NOT Create Trackers > 
should NOT create tracker when Expense is created
PrismaClientValidationError: 
Invalid `prisma.expense.create()` invocation in
D:/CATARACTA/master-dashboard-faster/tests/critical/tracker-sync.test.ts:543:44

  540 it('should NOT create tracker when Expense is created', async () => {
  541   const expenseId = await generateId('EXP', 'expense')
  542   
ΓåÆ 543   const expense = await prisma.expense.create({
          data: {
            expenseId: "EXP-2026-2325",
            projectName: "Tracker Sync Test - Expense Should Not Create",
            productionDate: new Date("2026-02-13T10:55:11.389Z"),
            invoiceNumber: "INV-TEST-0001",
            expenseItems: {
            ~~~~~~~~~~~~
              create: [
                {
                  productName: "Test Item",
                  qty: 1,
                  unitPrice: 1000000,
                  totalPrice: 1000000
                }
              ]
            },
        ?   id?: String,
        ?   invoiceId?: String | Null,
        ?   planningId?: String | Null,
        ?   invoiceProductionDate?: DateTime | Null,
        ?   invoiceTotalAmount?: Float | Null,
        ?   invoicePaidDate?: DateTime | Null,
        ?   planningNumber?: String | Null,
        ?   planningClientName?: String | Null,
        ?   clientBudget?: Float,
        ?   paidAmount?: Float,
        ?   totalItemBudgeted?: Float,
        ?   totalItemDifferences?: Float,
        ?   notes?: String | Null,
        ?   status?: String,
        ?   deletedAt?: DateTime | Null,
        ?   createdAt?: DateTime,
        ?   updatedAt?: DateTime,
        ?   sourceInvoice?: InvoiceCreateNestedOneWithoutGeneratedExpenseInput,
        ?   items?: ExpenseItemCreateNestedManyWithoutExpenseInput
          }
        })

Unknown argument `expenseItems`. Available options are marked with ?.
 Γ¥» wn node_modules/@prisma/client/runtime/library.js:29:1363
 Γ¥» $n.handleRequestError node_modules/@prisma/client/runtime/library.js:121:6958
 Γ¥» $n.handleAndLogRequestError node_modules/@prisma/client/runtime/library.js:121:6623
 Γ¥» $n.request node_modules/@prisma/client/runtime/library.js:121:6307
 Γ¥» l node_modules/@prisma/client/runtime/library.js:130:9633
 Γ¥» lib/prisma.ts:28:18
     26| prisma.$use(async (params, next) => {
     27|   const before = Date.now()
     28|   const result = await next(params)
       |                  ^
     29|   const after = Date.now()
     30|   
 Γ¥» lib/slow-query-logger.ts:138:20
 Γ¥» tests/critical/tracker-sync.test.ts:543:23

ΓÄ»ΓÄ»ΓÄ»ΓÄ»ΓÄ»ΓÄ»ΓÄ»ΓÄ»ΓÄ»ΓÄ»ΓÄ»ΓÄ»ΓÄ»ΓÄ»ΓÄ»ΓÄ»ΓÄ»ΓÄ»ΓÄ»ΓÄ»ΓÄ»ΓÄ»[10/11]ΓÄ»

 FAIL  tests/critical/tracker-sync.test.ts > Tracker Synchronization Tests > 7. create-expense Endpoint Behavior > 
should only update expenseId on existing tracker, not create new one
PrismaClientValidationError: 
Invalid `prisma.expense.create()` invocation in
D:/CATARACTA/master-dashboard-faster/tests/critical/tracker-sync.test.ts:744:44

  741 
  742 // Call create-expense endpoint (simulated directly via Prisma for this test)
  743 const expenseId = await generateId('EXP', 'expense')
ΓåÆ 744 const expense = await prisma.expense.create({
        data: {
          expenseId: "EXP-2026-2326",
          projectName: "Tracker Sync Test - Expense Update",
          productionDate: new Date("2026-02-13T10:55:12.021Z"),
          invoiceNumber: "INV-2026-1259",
          expenseItems: {
          ~~~~~~~~~~~~
            create: [
              {
                productName: "Test Item",
                qty: 1,
                unitPrice: 1000000,
                totalPrice: 1000000
              }
            ]
          },
      ?   id?: String,
      ?   invoiceId?: String | Null,
      ?   planningId?: String | Null,
      ?   invoiceProductionDate?: DateTime | Null,
      ?   invoiceTotalAmount?: Float | Null,
      ?   invoicePaidDate?: DateTime | Null,
      ?   planningNumber?: String | Null,
      ?   planningClientName?: String | Null,
      ?   clientBudget?: Float,
      ?   paidAmount?: Float,
      ?   totalItemBudgeted?: Float,
      ?   totalItemDifferences?: Float,
      ?   notes?: String | Null,
      ?   status?: String,
      ?   deletedAt?: DateTime | Null,
      ?   createdAt?: DateTime,
      ?   updatedAt?: DateTime,
      ?   sourceInvoice?: InvoiceCreateNestedOneWithoutGeneratedExpenseInput,
      ?   items?: ExpenseItemCreateNestedManyWithoutExpenseInput
        }
      })

Unknown argument `expenseItems`. Available options are marked with ?.
 Γ¥» wn node_modules/@prisma/client/runtime/library.js:29:1363
 Γ¥» $n.handleRequestError node_modules/@prisma/client/runtime/library.js:121:6958
 Γ¥» $n.handleAndLogRequestError node_modules/@prisma/client/runtime/library.js:121:6623
 Γ¥» $n.request node_modules/@prisma/client/runtime/library.js:121:6307
 Γ¥» l node_modules/@prisma/client/runtime/library.js:130:9633
 Γ¥» lib/prisma.ts:28:18
     26| prisma.$use(async (params, next) => {
     27|   const before = Date.now()
     28|   const result = await next(params)
       |                  ^
     29|   const after = Date.now()
     30|   
 Γ¥» lib/slow-query-logger.ts:138:20
 Γ¥» tests/critical/tracker-sync.test.ts:744:23

ΓÄ»ΓÄ»ΓÄ»ΓÄ»ΓÄ»ΓÄ»ΓÄ»ΓÄ»ΓÄ»ΓÄ»ΓÄ»ΓÄ»ΓÄ»ΓÄ»ΓÄ»ΓÄ»ΓÄ»ΓÄ»ΓÄ»ΓÄ»ΓÄ»ΓÄ»[11/11]ΓÄ»


 Test Files  4 failed | 10 passed (14)
      Tests  11 failed | 130 passed (141)
   Start at  17:55:06
   Duration  23.82s (transform 2.83s, setup 5.33s, import 2.49s, tests 84.65s, environment 3ms)

